This is pdfTeX, Version 3.141592653-2.6-1.40.25 (MiKTeX 24.1) (preloaded format=pdflatex 2026.6.6)  14 AUG 2026 19:05
entering extended mode
 restricted \write18 enabled.
 %&-line parsing enabled.
**./1.tex
(1.tex
LaTeX2e <2025-11-01>
L3 programming layer <2026-04-28>
(C:\Users\User.COMPUTER3\AppData\Local\Programs\MiK\tex/latex/base\article.cls
Document Class: article 2025/01/22 v1.4n Standard LaTeX document class
(C:\Users\User.COMPUTER3\AppData\Local\Programs\MiK\tex/latex/base\size11.clo
File: size11.clo 2025/01/22 v1.4n Standard LaTeX file (size option)
)
\c@part=\count276
\c@section=\count277
\c@subsection=\count278
\c@subsubsection=\count279
\c@paragraph=\count280
\c@subparagraph=\count281
\c@figure=\count282
\c@table=\count283
\abovecaptionskip=\skip49
\belowcaptionskip=\skip50
\bibindent=\dimen150
)
(C:\Users\User.COMPUTER3\AppData\Local\Programs\MiK\tex/latex/pgfplots\pgfplots
.sty
(C:\Users\User.COMPUTER3\AppData\Local\Programs\MiK\tex/generic/pgfplots\pgfplo
ts.revision.tex)
Package: pgfplots 2021/05/15 v1.18.1 Data Visualization (1.18.1)

(C:\Users\User.COMPUTER3\AppData\Local\Programs\MiK\tex/latex/graphics\graphicx
.sty
Package: graphicx 2024/12/31 v1.2e Enhanced LaTeX Graphics (DPC,SPQR)

(C:\Users\User.COMPUTER3\AppData\Local\Programs\MiK\tex/latex/graphics\keyval.s
ty
Package: keyval 2022/05/29 v1.15 key=value parser (DPC)
\KV@toks@=\toks17
)
(C:\Users\User.COMPUTER3\AppData\Local\Programs\MiK\tex/latex/graphics\graphics
.sty
Package: graphics 2024/08/06 v1.4g Standard LaTeX Graphics (DPC,SPQR)

(C:\Users\User.COMPUTER3\AppData\Local\Programs\MiK\tex/latex/graphics\trig.sty
Package: trig 2023/12/02 v1.11 sin cos tan (DPC)
)
(C:\Users\User.COMPUTER3\AppData\Local\Programs\MiK\tex/latex/graphics-cfg\grap
hics.cfg
File: graphics.cfg 2016/06/04 v1.11 sample graphics configuration
)
Package graphics Info: Driver file: pdftex.def on input line 106.

(C:\Users\User.COMPUTER3\AppData\Local\Programs\MiK\tex/latex/graphics-def\pdft
ex.def
File: pdftex.def 2025/09/29 v1.2d Graphics/color driver for pdftex
))
\Gin@req@height=\dimen151
\Gin@req@width=\dimen152
)
(C:\Users\User.COMPUTER3\AppData\Local\Programs\MiK\tex/latex/pgf/frontendlayer
\tikz.sty
(C:\Users\User.COMPUTER3\AppData\Local\Programs\MiK\tex/latex/pgf/basiclayer\pg
f.sty
(C:\Users\User.COMPUTER3\AppData\Local\Programs\MiK\tex/latex/pgf/utilities\pgf
rcs.sty
(C:\Users\User.COMPUTER3\AppData\Local\Programs\MiK\tex/generic/pgf/utilities\p
gfutil-common.tex
\pgfutil@everybye=\toks18
\pgfutil@tempdima=\dimen153
\pgfutil@tempdimb=\dimen154
)
(C:\Users\User.COMPUTER3\AppData\Local\Programs\MiK\tex/generic/pgf/utilities\p
gfutil-latex.def
\pgfutil@abb=\box53
)
(C:\Users\User.COMPUTER3\AppData\Local\Programs\MiK\tex/generic/pgf/utilities\p
gfrcs.code.tex
(C:\Users\User.COMPUTER3\AppData\Local\Programs\MiK\tex/generic/pgf\pgf.revisio
n.tex)
Package: pgfrcs 2025-08-29 v3.1.11a (3.1.11a)
))
Package: pgf 2025-08-29 v3.1.11a (3.1.11a)

(C:\Users\User.COMPUTER3\AppData\Local\Programs\MiK\tex/latex/pgf/basiclayer\pg
fcore.sty
(C:\Users\User.COMPUTER3\AppData\Local\Programs\MiK\tex/latex/pgf/systemlayer\p
gfsys.sty
(C:\Users\User.COMPUTER3\AppData\Local\Programs\MiK\tex/generic/pgf/systemlayer
\pgfsys.code.tex
Package: pgfsys 2025-08-29 v3.1.11a (3.1.11a)

(C:\Users\User.COMPUTER3\AppData\Local\Programs\MiK\tex/generic/pgf/utilities\p
gfkeys.code.tex
\pgfkeys@pathtoks=\toks19
\pgfkeys@temptoks=\toks20

(C:\Users\User.COMPUTER3\AppData\Local\Programs\MiK\tex/generic/pgf/utilities\p
gfkeyslibraryfiltered.code.tex
\pgfkeys@tmptoks=\toks21
))
\pgf@x=\dimen155
\pgf@y=\dimen156
\pgf@xa=\dimen157
\pgf@ya=\dimen158
\pgf@xb=\dimen159
\pgf@yb=\dimen160
\pgf@xc=\dimen161
\pgf@yc=\dimen162
\pgf@xd=\dimen163
\pgf@yd=\dimen164
\w@pgf@writea=\write3
\r@pgf@reada=\read2
\c@pgf@counta=\count284
\c@pgf@countb=\count285
\c@pgf@countc=\count286
\c@pgf@countd=\count287
\t@pgf@toka=\toks22
\t@pgf@tokb=\toks23
\t@pgf@tokc=\toks24
\pgf@sys@id@count=\count288

(C:\Users\User.COMPUTER3\AppData\Local\Programs\MiK\tex/generic/pgf/systemlayer
\pgf.cfg
File: pgf.cfg 2025-08-29 v3.1.11a (3.1.11a)
)
Driver file for pgf: pgfsys-pdftex.def

(C:\Users\User.COMPUTER3\AppData\Local\Programs\MiK\tex/generic/pgf/systemlayer
\pgfsys-pdftex.def
File: pgfsys-pdftex.def 2025-08-29 v3.1.11a (3.1.11a)

(C:\Users\User.COMPUTER3\AppData\Local\Programs\MiK\tex/generic/pgf/systemlayer
\pgfsys-common-pdf.def
File: pgfsys-common-pdf.def 2025-08-29 v3.1.11a (3.1.11a)
)))
(C:\Users\User.COMPUTER3\AppData\Local\Programs\MiK\tex/generic/pgf/systemlayer
\pgfsyssoftpath.code.tex
File: pgfsyssoftpath.code.tex 2025-08-29 v3.1.11a (3.1.11a)
\pgfsyssoftpath@smallbuffer@items=\count289
\pgfsyssoftpath@bigbuffer@items=\count290
)
(C:\Users\User.COMPUTER3\AppData\Local\Programs\MiK\tex/generic/pgf/systemlayer
\pgfsysprotocol.code.tex
File: pgfsysprotocol.code.tex 2025-08-29 v3.1.11a (3.1.11a)
))
(C:\Users\User.COMPUTER3\AppData\Local\Programs\MiK\tex/latex/xcolor\xcolor.sty
Package: xcolor 2024/09/29 v3.02 LaTeX color extensions (UK)

(C:\Users\User.COMPUTER3\AppData\Local\Programs\MiK\tex/latex/graphics-cfg\colo
r.cfg
File: color.cfg 2016/01/02 v1.6 sample color configuration
)
Package xcolor Info: Driver file: pdftex.def on input line 274.

(C:\Users\User.COMPUTER3\AppData\Local\Programs\MiK\tex/latex/graphics\mathcolo
r.ltx)
Package xcolor Info: Model `cmy' substituted by `cmy0' on input line 1349.
Package xcolor Info: Model `hsb' substituted by `rgb' on input line 1353.
Package xcolor Info: Model `RGB' extended on input line 1365.
Package xcolor Info: Model `HTML' substituted by `rgb' on input line 1367.
Package xcolor Info: Model `Hsb' substituted by `hsb' on input line 1368.
Package xcolor Info: Model `tHsb' substituted by `hsb' on input line 1369.
Package xcolor Info: Model `HSB' substituted by `hsb' on input line 1370.
Package xcolor Info: Model `Gray' substituted by `gray' on input line 1371.
Package xcolor Info: Model `wave' substituted by `hsb' on input line 1372.
)
(C:\Users\User.COMPUTER3\AppData\Local\Programs\MiK\tex/generic/pgf/basiclayer\
pgfcore.code.tex
Package: pgfcore 2025-08-29 v3.1.11a (3.1.11a)

(C:\Users\User.COMPUTER3\AppData\Local\Programs\MiK\tex/generic/pgf/math\pgfmat
h.code.tex
(C:\Users\User.COMPUTER3\AppData\Local\Programs\MiK\tex/generic/pgf/math\pgfmat
hutil.code.tex)
(C:\Users\User.COMPUTER3\AppData\Local\Programs\MiK\tex/generic/pgf/math\pgfmat
hparser.code.tex
\pgfmath@dimen=\dimen165
\pgfmath@count=\count291
\pgfmath@box=\box54
\pgfmath@toks=\toks25
\pgfmath@stack@operand=\toks26
\pgfmath@stack@operation=\toks27
)
(C:\Users\User.COMPUTER3\AppData\Local\Programs\MiK\tex/generic/pgf/math\pgfmat
hfunctions.code.tex)
(C:\Users\User.COMPUTER3\AppData\Local\Programs\MiK\tex/generic/pgf/math\pgfmat
hfunctions.basic.code.tex)
(C:\Users\User.COMPUTER3\AppData\Local\Programs\MiK\tex/generic/pgf/math\pgfmat
hfunctions.trigonometric.code.tex)
(C:\Users\User.COMPUTER3\AppData\Local\Programs\MiK\tex/generic/pgf/math\pgfmat
hfunctions.random.code.tex)
(C:\Users\User.COMPUTER3\AppData\Local\Programs\MiK\tex/generic/pgf/math\pgfmat
hfunctions.comparison.code.tex)
(C:\Users\User.COMPUTER3\AppData\Local\Programs\MiK\tex/generic/pgf/math\pgfmat
hfunctions.base.code.tex)
(C:\Users\User.COMPUTER3\AppData\Local\Programs\MiK\tex/generic/pgf/math\pgfmat
hfunctions.round.code.tex)
(C:\Users\User.COMPUTER3\AppData\Local\Programs\MiK\tex/generic/pgf/math\pgfmat
hfunctions.misc.code.tex)
(C:\Users\User.COMPUTER3\AppData\Local\Programs\MiK\tex/generic/pgf/math\pgfmat
hfunctions.integerarithmetics.code.tex)
(C:\Users\User.COMPUTER3\AppData\Local\Programs\MiK\tex/generic/pgf/math\pgfmat
hcalc.code.tex)
(C:\Users\User.COMPUTER3\AppData\Local\Programs\MiK\tex/generic/pgf/math\pgfmat
hfloat.code.tex
\c@pgfmathroundto@lastzeros=\count292
))
(C:\Users\User.COMPUTER3\AppData\Local\Programs\MiK\tex/generic/pgf/math\pgfint
.code.tex)
(C:\Users\User.COMPUTER3\AppData\Local\Programs\MiK\tex/generic/pgf/basiclayer\
pgfcorepoints.code.tex
File: pgfcorepoints.code.tex 2025-08-29 v3.1.11a (3.1.11a)
\pgf@picminx=\dimen166
\pgf@picmaxx=\dimen167
\pgf@picminy=\dimen168
\pgf@picmaxy=\dimen169
\pgf@pathminx=\dimen170
\pgf@pathmaxx=\dimen171
\pgf@pathminy=\dimen172
\pgf@pathmaxy=\dimen173
\pgf@xx=\dimen174
\pgf@xy=\dimen175
\pgf@yx=\dimen176
\pgf@yy=\dimen177
\pgf@zx=\dimen178
\pgf@zy=\dimen179
)
(C:\Users\User.COMPUTER3\AppData\Local\Programs\MiK\tex/generic/pgf/basiclayer\
pgfcorepathconstruct.code.tex
File: pgfcorepathconstruct.code.tex 2025-08-29 v3.1.11a (3.1.11a)
\pgf@path@lastx=\dimen180
\pgf@path@lasty=\dimen181
)
(C:\Users\User.COMPUTER3\AppData\Local\Programs\MiK\tex/generic/pgf/basiclayer\
pgfcorepathusage.code.tex
File: pgfcorepathusage.code.tex 2025-08-29 v3.1.11a (3.1.11a)
\pgf@shorten@end@additional=\dimen182
\pgf@shorten@start@additional=\dimen183
)
(C:\Users\User.COMPUTER3\AppData\Local\Programs\MiK\tex/generic/pgf/basiclayer\
pgfcorescopes.code.tex
File: pgfcorescopes.code.tex 2025-08-29 v3.1.11a (3.1.11a)
\pgfpic=\box55
\pgf@hbox=\box56
\pgf@layerbox@main=\box57
\pgf@picture@serial@count=\count293
)
(C:\Users\User.COMPUTER3\AppData\Local\Programs\MiK\tex/generic/pgf/basiclayer\
pgfcoregraphicstate.code.tex
File: pgfcoregraphicstate.code.tex 2025-08-29 v3.1.11a (3.1.11a)
\pgflinewidth=\dimen184
)
(C:\Users\User.COMPUTER3\AppData\Local\Programs\MiK\tex/generic/pgf/basiclayer\
pgfcoretransformations.code.tex
File: pgfcoretransformations.code.tex 2025-08-29 v3.1.11a (3.1.11a)
\pgf@pt@x=\dimen185
\pgf@pt@y=\dimen186
\pgf@pt@temp=\dimen187
)
(C:\Users\User.COMPUTER3\AppData\Local\Programs\MiK\tex/generic/pgf/basiclayer\
pgfcorequick.code.tex
File: pgfcorequick.code.tex 2025-08-29 v3.1.11a (3.1.11a)
)
(C:\Users\User.COMPUTER3\AppData\Local\Programs\MiK\tex/generic/pgf/basiclayer\
pgfcoreobjects.code.tex
File: pgfcoreobjects.code.tex 2025-08-29 v3.1.11a (3.1.11a)
)
(C:\Users\User.COMPUTER3\AppData\Local\Programs\MiK\tex/generic/pgf/basiclayer\
pgfcorepathprocessing.code.tex
File: pgfcorepathprocessing.code.tex 2025-08-29 v3.1.11a (3.1.11a)
)
(C:\Users\User.COMPUTER3\AppData\Local\Programs\MiK\tex/generic/pgf/basiclayer\
pgfcorearrows.code.tex
File: pgfcorearrows.code.tex 2025-08-29 v3.1.11a (3.1.11a)
\pgfarrowsep=\dimen188
)
(C:\Users\User.COMPUTER3\AppData\Local\Programs\MiK\tex/generic/pgf/basiclayer\
pgfcoreshade.code.tex
File: pgfcoreshade.code.tex 2025-08-29 v3.1.11a (3.1.11a)
\pgf@max=\dimen189
\pgf@sys@shading@range@num=\count294
\pgf@shadingcount=\count295
)
(C:\Users\User.COMPUTER3\AppData\Local\Programs\MiK\tex/generic/pgf/basiclayer\
pgfcoreimage.code.tex
File: pgfcoreimage.code.tex 2025-08-29 v3.1.11a (3.1.11a)
)
(C:\Users\User.COMPUTER3\AppData\Local\Programs\MiK\tex/generic/pgf/basiclayer\
pgfcoreexternal.code.tex
File: pgfcoreexternal.code.tex 2025-08-29 v3.1.11a (3.1.11a)
\pgfexternal@startupbox=\box58
)
(C:\Users\User.COMPUTER3\AppData\Local\Programs\MiK\tex/generic/pgf/basiclayer\
pgfcorelayers.code.tex
File: pgfcorelayers.code.tex 2025-08-29 v3.1.11a (3.1.11a)
)
(C:\Users\User.COMPUTER3\AppData\Local\Programs\MiK\tex/generic/pgf/basiclayer\
pgfcoretransparency.code.tex
File: pgfcoretransparency.code.tex 2025-08-29 v3.1.11a (3.1.11a)
)
(C:\Users\User.COMPUTER3\AppData\Local\Programs\MiK\tex/generic/pgf/basiclayer\
pgfcorepatterns.code.tex
File: pgfcorepatterns.code.tex 2025-08-29 v3.1.11a (3.1.11a)
)
(C:\Users\User.COMPUTER3\AppData\Local\Programs\MiK\tex/generic/pgf/basiclayer\
pgfcorerdf.code.tex
File: pgfcorerdf.code.tex 2025-08-29 v3.1.11a (3.1.11a)
)))
(C:\Users\User.COMPUTER3\AppData\Local\Programs\MiK\tex/generic/pgf/modules\pgf
moduleshapes.code.tex
File: pgfmoduleshapes.code.tex 2025-08-29 v3.1.11a (3.1.11a)
\pgfnodeparttextbox=\box59
)
(C:\Users\User.COMPUTER3\AppData\Local\Programs\MiK\tex/generic/pgf/modules\pgf
moduleplot.code.tex
File: pgfmoduleplot.code.tex 2025-08-29 v3.1.11a (3.1.11a)
)
(C:\Users\User.COMPUTER3\AppData\Local\Programs\MiK\tex/latex/pgf/compatibility
\pgfcomp-version-0-65.sty
Package: pgfcomp-version-0-65 2025-08-29 v3.1.11a (3.1.11a)
\pgf@nodesepstart=\dimen190
\pgf@nodesepend=\dimen191
)
(C:\Users\User.COMPUTER3\AppData\Local\Programs\MiK\tex/latex/pgf/compatibility
\pgfcomp-version-1-18.sty
Package: pgfcomp-version-1-18 2025-08-29 v3.1.11a (3.1.11a)
))
(C:\Users\User.COMPUTER3\AppData\Local\Programs\MiK\tex/latex/pgf/utilities\pgf
for.sty
(C:\Users\User.COMPUTER3\AppData\Local\Programs\MiK\tex/latex/pgf/utilities\pgf
keys.sty
(C:\Users\User.COMPUTER3\AppData\Local\Programs\MiK\tex/generic/pgf/utilities\p
gfkeys.code.tex))
(C:\Users\User.COMPUTER3\AppData\Local\Programs\MiK\tex/latex/pgf/math\pgfmath.
sty
(C:\Users\User.COMPUTER3\AppData\Local\Programs\MiK\tex/generic/pgf/math\pgfmat
h.code.tex))
(C:\Users\User.COMPUTER3\AppData\Local\Programs\MiK\tex/generic/pgf/utilities\p
gffor.code.tex
Package: pgffor 2025-08-29 v3.1.11a (3.1.11a)
\pgffor@iter=\dimen192
\pgffor@skip=\dimen193
\pgffor@stack=\toks28
\pgffor@toks=\toks29
))
(C:\Users\User.COMPUTER3\AppData\Local\Programs\MiK\tex/generic/pgf/frontendlay
er/tikz\tikz.code.tex
Package: tikz 2025-08-29 v3.1.11a (3.1.11a)

(C:\Users\User.COMPUTER3\AppData\Local\Programs\MiK\tex/generic/pgf/libraries\p
gflibraryplothandlers.code.tex
File: pgflibraryplothandlers.code.tex 2025-08-29 v3.1.11a (3.1.11a)
\pgf@plot@mark@count=\count296
\pgfplotmarksize=\dimen194
)
\tikz@lastx=\dimen195
\tikz@lasty=\dimen196
\tikz@lastxsaved=\dimen197
\tikz@lastysaved=\dimen198
\tikz@lastmovetox=\dimen199
\tikz@lastmovetoy=\dimen256
\tikzleveldistance=\dimen257
\tikzsiblingdistance=\dimen258
\tikz@figbox=\box60
\tikz@figbox@bg=\box61
\tikz@tempbox=\box62
\tikz@tempbox@bg=\box63
\tikztreelevel=\count297
\tikznumberofchildren=\count298
\tikznumberofcurrentchild=\count299
\tikz@fig@count=\count300

(C:\Users\User.COMPUTER3\AppData\Local\Programs\MiK\tex/generic/pgf/modules\pgf
modulematrix.code.tex
File: pgfmodulematrix.code.tex 2025-08-29 v3.1.11a (3.1.11a)
\pgfmatrixcurrentrow=\count301
\pgfmatrixcurrentcolumn=\count302
\pgf@matrix@numberofcolumns=\count303
)
\tikz@expandcount=\count304

(C:\Users\User.COMPUTER3\AppData\Local\Programs\MiK\tex/generic/pgf/frontendlay
er/tikz/libraries\tikzlibrarytopaths.code.tex
File: tikzlibrarytopaths.code.tex 2025-08-29 v3.1.11a (3.1.11a)
)))
(C:\Users\User.COMPUTER3\AppData\Local\Programs\MiK\tex/generic/pgfplots\pgfplo
ts.code.tex
(C:\Users\User.COMPUTER3\AppData\Local\Programs\MiK\tex/generic/pgfplots\pgfplo
tscore.code.tex
\t@pgfplots@toka=\toks30
\t@pgfplots@tokb=\toks31
\t@pgfplots@tokc=\toks32
\pgfplots@tmpa=\dimen259
\c@pgfplots@coordindex=\count305
\c@pgfplots@scanlineindex=\count306

(C:\Users\User.COMPUTER3\AppData\Local\Programs\MiK\tex/generic/pgfplots/sys\pg
fplotssysgeneric.code.tex))
(C:\Users\User.COMPUTER3\AppData\Local\Programs\MiK\tex/generic/pgfplots/libs\p
gfplotslibrary.code.tex)
(C:\Users\User.COMPUTER3\AppData\Local\Programs\MiK\tex/generic/pgfplots/oldpgf
compatib\pgfplotsoldpgfsupp_loader.code.tex
(C:\Users\User.COMPUTER3\AppData\Local\Programs\MiK\tex/generic/pgf/libraries\p
gflibraryfpu.code.tex)
Package pgfplots: loading complementary utilities for your pgf version...
\t@pgf@toka=\toks33
\t@pgf@tokb=\toks34
\t@pgf@tokc=\toks35

(C:\Users\User.COMPUTER3\AppData\Local\Programs\MiK\tex/generic/pgfplots/oldpgf
compatib\pgfplotsoldpgfsupp_pgfutil-common-lists.tex))
(C:\Users\User.COMPUTER3\AppData\Local\Programs\MiK\tex/generic/pgfplots/util\p
gfplotsutil.code.tex
(C:\Users\User.COMPUTER3\AppData\Local\Programs\MiK\tex/generic/pgfplots/listst
ructure\pgfplotsliststructure.code.tex)
(C:\Users\User.COMPUTER3\AppData\Local\Programs\MiK\tex/generic/pgfplots/listst
ructure\pgfplotsliststructureext.code.tex)
(C:\Users\User.COMPUTER3\AppData\Local\Programs\MiK\tex/generic/pgfplots/listst
ructure\pgfplotsarray.code.tex
\c@pgfplotsarray@tmp=\count307
)
(C:\Users\User.COMPUTER3\AppData\Local\Programs\MiK\tex/generic/pgfplots/listst
ructure\pgfplotsmatrix.code.tex)
(C:\Users\User.COMPUTER3\AppData\Local\Programs\MiK\tex/generic/pgfplots/numtab
le\pgfplotstableshared.code.tex
\c@pgfplotstable@counta=\count308
\t@pgfplotstable@a=\toks36
)
(C:\Users\User.COMPUTER3\AppData\Local\Programs\MiK\tex/generic/pgfplots/listst
ructure\pgfplotsdeque.code.tex)
(C:\Users\User.COMPUTER3\AppData\Local\Programs\MiK\tex/generic/pgfplots/util\p
gfplotsbinary.code.tex
(C:\Users\User.COMPUTER3\AppData\Local\Programs\MiK\tex/generic/pgfplots/util\p
gfplotsbinary.data.code.tex))
(C:\Users\User.COMPUTER3\AppData\Local\Programs\MiK\tex/generic/pgfplots/util\p
gfplotsutil.verb.code.tex)
(C:\Users\User.COMPUTER3\AppData\Local\Programs\MiK\tex/generic/pgfplots/libs\p
gflibrarypgfplots.surfshading.code.tex
\c@pgfplotslibrarysurf@no=\count309

(C:\Users\User.COMPUTER3\AppData\Local\Programs\MiK\tex/generic/pgfplots/sys\pg
flibrarypgfplots.surfshading.pgfsys-pdftex.def)))
(C:\Users\User.COMPUTER3\AppData\Local\Programs\MiK\tex/generic/pgfplots/util\p
gfplotscolormap.code.tex
(C:\Users\User.COMPUTER3\AppData\Local\Programs\MiK\tex/generic/pgfplots/util\p
gfplotscolor.code.tex))
(C:\Users\User.COMPUTER3\AppData\Local\Programs\MiK\tex/generic/pgfplots\pgfplo
tsstackedplots.code.tex)
(C:\Users\User.COMPUTER3\AppData\Local\Programs\MiK\tex/generic/pgfplots\pgfplo
tsplothandlers.code.tex
(C:\Users\User.COMPUTER3\AppData\Local\Programs\MiK\tex/generic/pgfplots\pgfplo
tsmeshplothandler.code.tex
(C:\Users\User.COMPUTER3\AppData\Local\Programs\MiK\tex/generic/pgfplots\pgfplo
tsmeshplotimage.code.tex)))
(C:\Users\User.COMPUTER3\AppData\Local\Programs\MiK\tex/generic/pgfplots\pgfplo
ts.scaling.code.tex)
(C:\Users\User.COMPUTER3\AppData\Local\Programs\MiK\tex/generic/pgfplots\pgfplo
tscoordprocessing.code.tex)
(C:\Users\User.COMPUTER3\AppData\Local\Programs\MiK\tex/generic/pgfplots\pgfplo
ts.errorbars.code.tex)
(C:\Users\User.COMPUTER3\AppData\Local\Programs\MiK\tex/generic/pgfplots\pgfplo
ts.markers.code.tex)
(C:\Users\User.COMPUTER3\AppData\Local\Programs\MiK\tex/generic/pgfplots\pgfplo
tsticks.code.tex)
(C:\Users\User.COMPUTER3\AppData\Local\Programs\MiK\tex/generic/pgfplots\pgfplo
ts.paths.code.tex)
(C:\Users\User.COMPUTER3\AppData\Local\Programs\MiK\tex/generic/pgf/frontendlay
er/tikz/libraries\tikzlibrarydecorations.code.tex
(C:\Users\User.COMPUTER3\AppData\Local\Programs\MiK\tex/generic/pgf/modules\pgf
moduledecorations.code.tex
\pgfdecoratedcompleteddistance=\dimen260
\pgfdecoratedremainingdistance=\dimen261
\pgfdecoratedinputsegmentcompleteddistance=\dimen262
\pgfdecoratedinputsegmentremainingdistance=\dimen263
\pgf@decorate@distancetomove=\dimen264
\pgf@decorate@repeatstate=\count310
\pgfdecorationsegmentamplitude=\dimen265
\pgfdecorationsegmentlength=\dimen266
)
\tikz@lib@dec@box=\box64
)
(C:\Users\User.COMPUTER3\AppData\Local\Programs\MiK\tex/generic/pgf/frontendlay
er/tikz/libraries\tikzlibrarydecorations.pathmorphing.code.tex
(C:\Users\User.COMPUTER3\AppData\Local\Programs\MiK\tex/generic/pgf/libraries/d
ecorations\pgflibrarydecorations.pathmorphing.code.tex))
(C:\Users\User.COMPUTER3\AppData\Local\Programs\MiK\tex/generic/pgf/frontendlay
er/tikz/libraries\tikzlibrarydecorations.pathreplacing.code.tex
(C:\Users\User.COMPUTER3\AppData\Local\Programs\MiK\tex/generic/pgf/libraries/d
ecorations\pgflibrarydecorations.pathreplacing.code.tex))
(C:\Users\User.COMPUTER3\AppData\Local\Programs\MiK\tex/generic/pgfplots/libs\t
ikzlibrarypgfplots.contourlua.code.tex)
\pgfplots@numplots=\count311
\pgfplots@xmin@reg=\dimen267
\pgfplots@xmax@reg=\dimen268
\pgfplots@ymin@reg=\dimen269
\pgfplots@ymax@reg=\dimen270
\pgfplots@zmin@reg=\dimen271
\pgfplots@zmax@reg=\dimen272
)
(C:\Users\User.COMPUTER3\AppData\Local\Programs\MiK\tex/generic/pgf/frontendlay
er/tikz/libraries\tikzlibraryplotmarks.code.tex
File: tikzlibraryplotmarks.code.tex 2025-08-29 v3.1.11a (3.1.11a)

(C:\Users\User.COMPUTER3\AppData\Local\Programs\MiK\tex/generic/pgf/libraries\p
gflibraryplotmarks.code.tex
File: pgflibraryplotmarks.code.tex 2025-08-29 v3.1.11a (3.1.11a)
)))
(C:\Users\User.COMPUTER3\AppData\Local\Programs\MiK\tex/latex/physics\physics.s
ty
Package: physics 

(C:\Users\User.COMPUTER3\AppData\Local\Programs\MiK\tex/latex/l3packages/xparse
\xparse.sty
(C:\Users\User.COMPUTER3\AppData\Local\Programs\MiK\tex/latex/l3kernel\expl3.st
y
Package: expl3 2026-04-28 L3 programming layer (loader) 

(C:\Users\User.COMPUTER3\AppData\Local\Programs\MiK\tex/latex/l3backend\l3backe
nd-pdftex.def
File: l3backend-pdftex.def 2026-02-18 L3 backend support: PDF output (pdfTeX)
\l__color_backend_stack_int=\count312
))
Package: xparse 2025-10-09 L3 Experimental document command parser
)
(C:\Users\User.COMPUTER3\AppData\Local\Programs\MiK\tex/latex/amsmath\amsmath.s
ty
Package: amsmath 2025/07/09 v2.17z AMS math features
\@mathmargin=\skip51

For additional information on amsmath, use the `?' option.

(C:\Users\User.COMPUTER3\AppData\Local\Programs\MiK\tex/latex/amsmath\amstext.s
ty
Package: amstext 2024/11/17 v2.01 AMS text

(C:\Users\User.COMPUTER3\AppData\Local\Programs\MiK\tex/latex/amsmath\amsgen.st
y
File: amsgen.sty 1999/11/30 v2.0 generic functions
\@emptytoks=\toks37
\ex@=\dimen273
))
(C:\Users\User.COMPUTER3\AppData\Local\Programs\MiK\tex/latex/amsmath\amsbsy.st
y
Package: amsbsy 1999/11/29 v1.2d Bold Symbols
\pmbraise@=\dimen274
)
(C:\Users\User.COMPUTER3\AppData\Local\Programs\MiK\tex/latex/amsmath\amsopn.st
y
Package: amsopn 2022/04/08 v2.04 operator names
)
\inf@bad=\count313
LaTeX Info: Redefining \frac on input line 233.
\uproot@=\count314
\leftroot@=\count315
LaTeX Info: Redefining \overline on input line 398.
LaTeX Info: Redefining \colon on input line 409.
\classnum@=\count316
\DOTSCASE@=\count317
LaTeX Info: Redefining \ldots on input line 495.
LaTeX Info: Redefining \dots on input line 498.
LaTeX Info: Redefining \cdots on input line 619.
\Mathstrutbox@=\box65
\strutbox@=\box66
LaTeX Info: Redefining \big on input line 721.
LaTeX Info: Redefining \Big on input line 722.
LaTeX Info: Redefining \bigg on input line 723.
LaTeX Info: Redefining \Bigg on input line 724.
\big@size=\dimen275
LaTeX Font Info:    Redeclaring font encoding OML on input line 742.
LaTeX Font Info:    Redeclaring font encoding OMS on input line 743.
\macc@depth=\count318
LaTeX Info: Redefining \bmod on input line 904.
LaTeX Info: Redefining \pmod on input line 909.
LaTeX Info: Redefining \smash on input line 939.
LaTeX Info: Redefining \relbar on input line 969.
LaTeX Info: Redefining \Relbar on input line 970.
\c@MaxMatrixCols=\count319
\dotsspace@=\muskip17
\c@parentequation=\count320
\dspbrk@lvl=\count321
\tag@help=\toks38
\row@=\count322
\column@=\count323
\maxfields@=\count324
\andhelp@=\toks39
\eqnshift@=\dimen276
\alignsep@=\dimen277
\tagshift@=\dimen278
\tagwidth@=\dimen279
\totwidth@=\dimen280
\lineht@=\dimen281
\@envbody=\toks40
\multlinegap=\skip52
\multlinetaggap=\skip53
\mathdisplay@stack=\toks41
LaTeX Info: Redefining \[ on input line 2950.
LaTeX Info: Redefining \] on input line 2951.
))
(C:\Users\User.COMPUTER3\AppData\Local\Programs\MiK\tex/latex/amsfonts\amssymb.
sty
Package: amssymb 2013/01/14 v3.01 AMS font symbols

(C:\Users\User.COMPUTER3\AppData\Local\Programs\MiK\tex/latex/amsfonts\amsfonts
.sty
Package: amsfonts 2013/01/14 v3.01 Basic AMSFonts support
\symAMSa=\mathgroup4
\symAMSb=\mathgroup5
LaTeX Font Info:    Redeclaring math symbol \hbar on input line 98.
LaTeX Font Info:    Overwriting math alphabet `\mathfrak' in version `bold'
(Font)                  U/euf/m/n --> U/euf/b/n on input line 106.
))
(C:\Users\User.COMPUTER3\AppData\Local\Programs\MiK\tex/latex/amscls\amsthm.sty
Package: amsthm 2020/05/29 v2.20.6
\thm@style=\toks42
\thm@bodyfont=\toks43
\thm@headfont=\toks44
\thm@notefont=\toks45
\thm@headpunct=\toks46
\thm@preskip=\skip54
\thm@postskip=\skip55
\thm@headsep=\skip56
\dth@everypar=\toks47
) (C:\Users\User.COMPUTER3\AppData\Local\Programs\MiK\tex/latex/float\float.sty
Package: float 2001/11/08 v1.3d Float enhancements (AL)
\c@float@type=\count325
\float@exts=\toks48
\float@box=\box67
\@float@everytoks=\toks49
\@floatcapt=\box68
)
(C:\Users\User.COMPUTER3\AppData\Local\Programs\MiK\tex/latex/algorithms\algori
thm.sty
Package: algorithm 2009/08/24 v0.1 Document Style `algorithm' - floating enviro
nment

(C:\Users\User.COMPUTER3\AppData\Local\Programs\MiK\tex/latex/base\ifthen.sty
Package: ifthen 2024/03/16 v1.1e Standard LaTeX ifthen package (DPC)
)
\@float@every@algorithm=\toks50
\c@algorithm=\count326
)
(C:\Users\User.COMPUTER3\AppData\Local\Programs\MiK\tex/latex/algorithmicx\algp
seudocode.sty
Package: algpseudocode 

(C:\Users\User.COMPUTER3\AppData\Local\Programs\MiK\tex/latex/algorithmicx\algo
rithmicx.sty
Package: algorithmicx 2005/04/27 v1.2 Algorithmicx

Document Style algorithmicx 1.2 - a greatly improved `algorithmic' style
\c@ALG@line=\count327
\c@ALG@rem=\count328
\c@ALG@nested=\count329
\ALG@tlm=\skip57
\ALG@thistlm=\skip58
\c@ALG@Lnr=\count330
\c@ALG@blocknr=\count331
\c@ALG@storecount=\count332
\c@ALG@tmpcounter=\count333
\ALG@tmplength=\skip59
)
Document Style - pseudocode environments for use with the `algorithmicx' style
)
(C:\Users\User.COMPUTER3\AppData\Local\Programs\MiK\tex/generic/pgf/frontendlay
er/tikz/libraries\tikzlibrarycalc.code.tex
File: tikzlibrarycalc.code.tex 2025-08-29 v3.1.11a (3.1.11a)
)
(C:\Users\User.COMPUTER3\AppData\Local\Programs\MiK\tex/generic/pgf/frontendlay
er/tikz/libraries\tikzlibraryshapes.code.tex
File: tikzlibraryshapes.code.tex 2025-08-29 v3.1.11a (3.1.11a)

(C:\Users\User.COMPUTER3\AppData\Local\Programs\MiK\tex/generic/pgf/frontendlay
er/tikz/libraries\tikzlibraryshapes.geometric.code.tex
File: tikzlibraryshapes.geometric.code.tex 2025-08-29 v3.1.11a (3.1.11a)

(C:\Users\User.COMPUTER3\AppData\Local\Programs\MiK\tex/generic/pgf/libraries/s
hapes\pgflibraryshapes.geometric.code.tex
File: pgflibraryshapes.geometric.code.tex 2025-08-29 v3.1.11a (3.1.11a)
))
(C:\Users\User.COMPUTER3\AppData\Local\Programs\MiK\tex/generic/pgf/frontendlay
er/tikz/libraries\tikzlibraryshapes.misc.code.tex
File: tikzlibraryshapes.misc.code.tex 2025-08-29 v3.1.11a (3.1.11a)

(C:\Users\User.COMPUTER3\AppData\Local\Programs\MiK\tex/generic/pgf/libraries/s
hapes\pgflibraryshapes.misc.code.tex
File: pgflibraryshapes.misc.code.tex 2025-08-29 v3.1.11a (3.1.11a)
))
(C:\Users\User.COMPUTER3\AppData\Local\Programs\MiK\tex/generic/pgf/frontendlay
er/tikz/libraries\tikzlibraryshapes.symbols.code.tex
File: tikzlibraryshapes.symbols.code.tex 2025-08-29 v3.1.11a (3.1.11a)

(C:\Users\User.COMPUTER3\AppData\Local\Programs\MiK\tex/generic/pgf/libraries/s
hapes\pgflibraryshapes.symbols.code.tex
File: pgflibraryshapes.symbols.code.tex 2025-08-29 v3.1.11a (3.1.11a)
))
(C:\Users\User.COMPUTER3\AppData\Local\Programs\MiK\tex/generic/pgf/frontendlay
er/tikz/libraries\tikzlibraryshapes.arrows.code.tex
File: tikzlibraryshapes.arrows.code.tex 2025-08-29 v3.1.11a (3.1.11a)

(C:\Users\User.COMPUTER3\AppData\Local\Programs\MiK\tex/generic/pgf/libraries/s
hapes\pgflibraryshapes.arrows.code.tex
File: pgflibraryshapes.arrows.code.tex 2025-08-29 v3.1.11a (3.1.11a)
))
(C:\Users\User.COMPUTER3\AppData\Local\Programs\MiK\tex/generic/pgf/frontendlay
er/tikz/libraries\tikzlibraryshapes.callouts.code.tex
(C:\Users\User.COMPUTER3\AppData\Local\Programs\MiK\tex/generic/pgf/libraries/s
hapes\pgflibraryshapes.callouts.code.tex))
(C:\Users\User.COMPUTER3\AppData\Local\Programs\MiK\tex/generic/pgf/frontendlay
er/tikz/libraries\tikzlibraryshapes.multipart.code.tex
File: tikzlibraryshapes.multipart.code.tex 2025-08-29 v3.1.11a (3.1.11a)

(C:\Users\User.COMPUTER3\AppData\Local\Programs\MiK\tex/generic/pgf/libraries/s
hapes\pgflibraryshapes.multipart.code.tex
File: pgflibraryshapes.multipart.code.tex 2025-08-29 v3.1.11a (3.1.11a)
\pgfnodepartlowerbox=\box69
\pgfnodeparttwobox=\box70
\pgfnodepartthreebox=\box71
\pgfnodepartfourbox=\box72
\pgfnodeparttwentybox=\box73
\pgfnodepartnineteenbox=\box74
\pgfnodeparteighteenbox=\box75
\pgfnodepartseventeenbox=\box76
\pgfnodepartsixteenbox=\box77
\pgfnodepartfifteenbox=\box78
\pgfnodepartfourteenbox=\box79
\pgfnodepartthirteenbox=\box80
\pgfnodeparttwelvebox=\box81
\pgfnodepartelevenbox=\box82
\pgfnodeparttenbox=\box83
\pgfnodepartninebox=\box84
\pgfnodeparteightbox=\box85
\pgfnodepartsevenbox=\box86
\pgfnodepartsixbox=\box87
\pgfnodepartfivebox=\box88
)))
(C:\Users\User.COMPUTER3\AppData\Local\Programs\MiK\tex/generic/pgf/frontendlay
er/tikz/libraries\tikzlibraryarrows.code.tex
File: tikzlibraryarrows.code.tex 2025-08-29 v3.1.11a (3.1.11a)

(C:\Users\User.COMPUTER3\AppData\Local\Programs\MiK\tex/generic/pgf/libraries\p
gflibraryarrows.code.tex
File: pgflibraryarrows.code.tex 2025-08-29 v3.1.11a (3.1.11a)
\arrowsize=\dimen282
))
(C:\Users\User.COMPUTER3\AppData\Local\Programs\MiK\tex/generic/pgf/frontendlay
er/tikz/libraries\tikzlibrarypositioning.code.tex
File: tikzlibrarypositioning.code.tex 2025-08-29 v3.1.11a (3.1.11a)
)
(C:\Users\User.COMPUTER3\AppData\Local\Programs\MiK\tex/latex/geometry\geometry
.sty
Package: geometry 2026/03/07 v6.0 Page Geometry

(C:\Users\User.COMPUTER3\AppData\Local\Programs\MiK\tex/generic/iftex\ifvtex.st
y
Package: ifvtex 2019/10/25 v1.7 ifvtex legacy package. Use iftex instead.

(C:\Users\User.COMPUTER3\AppData\Local\Programs\MiK\tex/generic/iftex\iftex.sty
Package: iftex 2024/12/12 v1.0g TeX engine tests
))
\Gm@cnth=\count334
\Gm@cntv=\count335
\c@Gm@tempcnt=\count336
\Gm@bindingoffset=\dimen283
\Gm@wd@mp=\dimen284
\Gm@odd@mp=\dimen285
\Gm@even@mp=\dimen286
\Gm@layoutwidth=\dimen287
\Gm@layoutheight=\dimen288
\Gm@layouthoffset=\dimen289
\Gm@layoutvoffset=\dimen290
\Gm@dimlist=\toks51

(C:\Users\User.COMPUTER3\AppData\Local\Programs\MiK\tex/latex/geometry\geometry
.cfg))
(C:\Users\User.COMPUTER3\AppData\Local\Programs\MiK\tex/latex/fancyhdr\fancyhdr
.sty
Package: fancyhdr 2025/02/07 v5.2 Extensive control of page headers and footers

\f@nch@headwidth=\skip60
\f@nch@offset@elh=\skip61
\f@nch@offset@erh=\skip62
\f@nch@offset@olh=\skip63
\f@nch@offset@orh=\skip64
\f@nch@offset@elf=\skip65
\f@nch@offset@erf=\skip66
\f@nch@offset@olf=\skip67
\f@nch@offset@orf=\skip68
\f@nch@height=\skip69
\f@nch@footalignment=\skip70
\f@nch@widthL=\skip71
\f@nch@widthC=\skip72
\f@nch@widthR=\skip73
\@temptokenb=\toks52
)
(C:\Users\User.COMPUTER3\AppData\Local\Programs\MiK\tex/latex/booktabs\booktabs
.sty
Package: booktabs 2020/01/12 v1.61803398 Publication quality tables
\heavyrulewidth=\dimen291
\lightrulewidth=\dimen292
\cmidrulewidth=\dimen293
\belowrulesep=\dimen294
\belowbottomsep=\dimen295
\aboverulesep=\dimen296
\abovetopsep=\dimen297
\cmidrulesep=\dimen298
\cmidrulekern=\dimen299
\defaultaddspace=\dimen300
\@cmidla=\count337
\@cmidlb=\count338
\@aboverulesep=\dimen301
\@belowrulesep=\dimen302
\@thisruleclass=\count339
\@lastruleclass=\count340
\@thisrulewidth=\dimen303
)
(C:\Users\User.COMPUTER3\AppData\Local\Programs\MiK\tex/latex/hyperref\hyperref
.sty
Package: hyperref 2026-04-24 v7.01q Hypertext links for LaTeX

(C:\Users\User.COMPUTER3\AppData\Local\Programs\MiK\tex/latex/kvsetkeys\kvsetke
ys.sty
Package: kvsetkeys 2022-10-05 v1.19 Key value parser (HO)
)
(C:\Users\User.COMPUTER3\AppData\Local\Programs\MiK\tex/generic/kvdefinekeys\kv
definekeys.sty
Package: kvdefinekeys 2019-12-19 v1.6 Define keys (HO)
)
(C:\Users\User.COMPUTER3\AppData\Local\Programs\MiK\tex/generic/pdfescape\pdfes
cape.sty
Package: pdfescape 2019/12/09 v1.15 Implements pdfTeX's escape features (HO)

(C:\Users\User.COMPUTER3\AppData\Local\Programs\MiK\tex/generic/ltxcmds\ltxcmds
.sty
Package: ltxcmds 2023-12-04 v1.26 LaTeX kernel commands for general use (HO)
)
(C:\Users\User.COMPUTER3\AppData\Local\Programs\MiK\tex/generic/pdftexcmds\pdft
excmds.sty
Package: pdftexcmds 2020-06-27 v0.33 Utility functions of pdfTeX for LuaTeX (HO
)

(C:\Users\User.COMPUTER3\AppData\Local\Programs\MiK\tex/generic/infwarerr\infwa
rerr.sty
Package: infwarerr 2019/12/03 v1.5 Providing info/warning/error messages (HO)
)
Package pdftexcmds Info: \pdf@primitive is available.
Package pdftexcmds Info: \pdf@ifprimitive is available.
Package pdftexcmds Info: \pdfdraftmode found.
))
(C:\Users\User.COMPUTER3\AppData\Local\Programs\MiK\tex/latex/hycolor\hycolor.s
ty
Package: hycolor 2020-01-27 v1.10 Color options for hyperref/bookmark (HO)
)
(C:\Users\User.COMPUTER3\AppData\Local\Programs\MiK\tex/latex/hyperref\nameref.
sty
Package: nameref 2026-01-29 v2.58 Cross-referencing by name of section

(C:\Users\User.COMPUTER3\AppData\Local\Programs\MiK\tex/latex/refcount\refcount
.sty
Package: refcount 2019/12/15 v3.6 Data extraction from label references (HO)
)
(C:\Users\User.COMPUTER3\AppData\Local\Programs\MiK\tex/generic/gettitlestring\
gettitlestring.sty
Package: gettitlestring 2019/12/15 v1.6 Cleanup title references (HO)

(C:\Users\User.COMPUTER3\AppData\Local\Programs\MiK\tex/latex/kvoptions\kvoptio
ns.sty
Package: kvoptions 2022-06-15 v3.15 Key value format for package options (HO)
))
\c@section@level=\count341
)
(C:\Users\User.COMPUTER3\AppData\Local\Programs\MiK\tex/latex/etoolbox\etoolbox
.sty
Package: etoolbox 2025/10/02 v2.5m e-TeX tools for LaTeX (JAW)
\etb@tempcnta=\count342
)
(C:\Users\User.COMPUTER3\AppData\Local\Programs\MiK\tex/generic/stringenc\strin
genc.sty
Package: stringenc 2019/11/29 v1.12 Convert strings between diff. encodings (HO
)
)
\@linkdim=\dimen304
\Hy@linkcounter=\count343
\Hy@pagecounter=\count344

(C:\Users\User.COMPUTER3\AppData\Local\Programs\MiK\tex/latex/hyperref\pd1enc.d
ef
File: pd1enc.def 2026-04-24 v7.01q Hyperref: PDFDocEncoding definition (HO)
Now handling font encoding PD1 ...
... no UTF-8 mapping file for font encoding PD1
)
(C:\Users\User.COMPUTER3\AppData\Local\Programs\MiK\tex/generic/intcalc\intcalc
.sty
Package: intcalc 2019/12/15 v1.3 Expandable calculations with integers (HO)
)
\Hy@SavedSpaceFactor=\count345

(C:\Users\User.COMPUTER3\AppData\Local\Programs\MiK\tex/latex/hyperref\puenc.de
f
File: puenc.def 2026-04-24 v7.01q Hyperref: PDF Unicode definition (HO)
Now handling font encoding PU ...
... no UTF-8 mapping file for font encoding PU
)
Package hyperref Info: Hyper figures OFF on input line 4199.
Package hyperref Info: Link nesting OFF on input line 4204.
Package hyperref Info: Hyper index ON on input line 4207.
Package hyperref Info: Plain pages OFF on input line 4214.
Package hyperref Info: Backreferencing OFF on input line 4219.
Package hyperref Info: Implicit mode ON; LaTeX internals redefined.
Package hyperref Info: Bookmarks ON on input line 4466.
\c@Hy@tempcnt=\count346
 (C:\Users\User.COMPUTER3\AppData\Local\Programs\MiK\tex/latex/url\url.sty
\Urlmuskip=\muskip18
Package: url 2013/09/16  ver 3.4  Verb mode for urls, etc.
)
LaTeX Info: Redefining \url on input line 4805.
\XeTeXLinkMargin=\dimen305

(C:\Users\User.COMPUTER3\AppData\Local\Programs\MiK\tex/generic/bitset\bitset.s
ty
Package: bitset 2019/12/09 v1.3 Handle bit-vector datatype (HO)

(C:\Users\User.COMPUTER3\AppData\Local\Programs\MiK\tex/generic/bigintcalc\bigi
ntcalc.sty
Package: bigintcalc 2019/12/15 v1.5 Expandable calculations on big integers (HO
)
))
\Fld@menulength=\count347
\Field@Width=\dimen306
\Fld@charsize=\dimen307
Package hyperref Info: Hyper figures OFF on input line 6091.
Package hyperref Info: Link nesting OFF on input line 6096.
Package hyperref Info: Hyper index ON on input line 6099.
Package hyperref Info: backreferencing OFF on input line 6106.
Package hyperref Info: Link coloring OFF on input line 6111.
Package hyperref Info: Link coloring with OCG OFF on input line 6116.
Package hyperref Info: PDF/A mode OFF on input line 6121.
\Hy@abspage=\count348
\c@Item=\count349
\c@Hfootnote=\count350
)
Package hyperref Info: Driver (autodetected): hpdftex.

(C:\Users\User.COMPUTER3\AppData\Local\Programs\MiK\tex/latex/hyperref\hpdftex.
def
File: hpdftex.def 2026-04-24 v7.01q Hyperref driver for pdfTeX
\Fld@listcount=\count351
\c@bookmark@seq@number=\count352

(C:\Users\User.COMPUTER3\AppData\Local\Programs\MiK\tex/latex/rerunfilecheck\re
runfilecheck.sty
Package: rerunfilecheck 2025-06-21 v1.11 Rerun checks for auxiliary files (HO)

(C:\Users\User.COMPUTER3\AppData\Local\Programs\MiK\tex/generic/uniquecounter\u
niquecounter.sty
Package: uniquecounter 2019/12/15 v1.4 Provide unlimited unique counter (HO)
)
Package uniquecounter Info: New unique counter `rerunfilecheck' on input line 2
84.
)
\Hy@SectionHShift=\skip74
)
\c@note=\count353

(C:\Users\User.COMPUTER3\AppData\Local\Programs\MiK\tex/latex/base\fixltx2e.sty
Package: fixltx2e 2016/12/29 v2.1a fixes to LaTeX (obsolete)
Applying: [2015/01/01] Old fixltx2e package on input line 46.

Package fixltx2e Warning: fixltx2e is not required with releases after 2015
(fixltx2e)                All fixes are now in the LaTeX kernel.
(fixltx2e)                See the latexrelease package for details.

Already applied: [0000/00/00] Old fixltx2e package on input line 53.
)
(C:\Users\User.COMPUTER3\AppData\Local\Programs\MiK\tex/latex/caption\caption.s
ty
Package: caption 2023/08/05 v3.6o Customizing captions (AR)

(C:\Users\User.COMPUTER3\AppData\Local\Programs\MiK\tex/latex/caption\caption3.
sty
Package: caption3 2023/07/31 v2.4d caption3 kernel (AR)
\caption@tempdima=\dimen308
\captionmargin=\dimen309
\caption@leftmargin=\dimen310
\caption@rightmargin=\dimen311
\caption@width=\dimen312
\caption@indent=\dimen313
\caption@parindent=\dimen314
\caption@hangindent=\dimen315
Package caption Info: Standard document class detected.
)
\c@caption@flags=\count354
\c@continuedfloat=\count355
Package caption Info: float package is loaded.
Package caption Info: hyperref package is loaded.
)
\c@theorem=\count356
\c@definition=\count357
\c@proposition=\count358
\c@remark=\count359
 (1.aux

LaTeX Warning: Label `eq:Tokenized-Vector' multiply defined.


LaTeX Warning: Label `eq:Tokenized-Vector' multiply defined.

)
\openout1 = `1.aux'.

LaTeX Font Info:    Checking defaults for OML/cmm/m/it on input line 42.
LaTeX Font Info:    ... okay on input line 42.
LaTeX Font Info:    Checking defaults for OMS/cmsy/m/n on input line 42.
LaTeX Font Info:    ... okay on input line 42.
LaTeX Font Info:    Checking defaults for OT1/cmr/m/n on input line 42.
LaTeX Font Info:    ... okay on input line 42.
LaTeX Font Info:    Checking defaults for T1/cmr/m/n on input line 42.
LaTeX Font Info:    ... okay on input line 42.
LaTeX Font Info:    Checking defaults for TS1/cmr/m/n on input line 42.
LaTeX Font Info:    ... okay on input line 42.
LaTeX Font Info:    Checking defaults for OMX/cmex/m/n on input line 42.
LaTeX Font Info:    ... okay on input line 42.
LaTeX Font Info:    Checking defaults for U/cmr/m/n on input line 42.
LaTeX Font Info:    ... okay on input line 42.
LaTeX Font Info:    Checking defaults for PD1/pdf/m/n on input line 42.
LaTeX Font Info:    ... okay on input line 42.
LaTeX Font Info:    Checking defaults for PU/pdf/m/n on input line 42.
LaTeX Font Info:    ... okay on input line 42.

(C:\Users\User.COMPUTER3\AppData\Local\Programs\MiK\tex/context/base/mkii\supp-
pdf.mkii
[Loading MPS to PDF converter (version 2006.09.02).]
\scratchcounter=\count360
\scratchdimen=\dimen316
\scratchbox=\box89
\nofMPsegments=\count361
\nofMParguments=\count362
\everyMPshowfont=\toks53
\MPscratchCnt=\count363
\MPscratchDim=\dimen317
\MPnumerator=\count364
\makeMPintoPDFobject=\count365
\everyMPtoPDFconversion=\toks54
)
(C:\Users\User.COMPUTER3\AppData\Local\Programs\MiK\tex/latex/epstopdf-pkg\epst
opdf-base.sty
Package: epstopdf-base 2020-01-24 v2.11 Base part for package epstopdf
Package epstopdf-base Info: Redefining graphics rule for `.eps' on input line 4
85.

(C:\Users\User.COMPUTER3\AppData\Local\Programs\MiK\tex/latex/00miktex\epstopdf
-sys.cfg
File: epstopdf-sys.cfg 2021/03/18 v2.0 Configuration of epstopdf for MiKTeX
))
Package pgfplots notification 'compat/show suggested version=true': document ha
s been generated with the most recent feature set (\pgfplotsset{compat=1.18}).

*geometry* driver: auto-detecting
*geometry* detected driver: pdftex
*geometry* verbose mode - [ preamble ] result:
* driver: pdftex
* paper: a4paper
* layout: <same size as paper>
* layoutoffset:(h,v)=(0.0pt,0.0pt)
* modes: 
* h-part:(L,W,R)=(89.62709pt, 418.25368pt, 89.6271pt)
* v-part:(T,H,B)=(101.40665pt, 591.5302pt, 152.11pt)
* \paperwidth=597.50787pt
* \paperheight=845.04684pt
* \textwidth=418.25368pt
* \textheight=591.5302pt
* \oddsidemargin=17.3571pt
* \evensidemargin=17.3571pt
* \topmargin=-7.86334pt
* \headheight=12.0pt
* \headsep=25.0pt
* \topskip=11.0pt
* \footskip=30.0pt
* \marginparwidth=50.0pt
* \marginparsep=10.0pt
* \columnsep=10.0pt
* \skip\footins=10.0pt plus 4.0pt minus 2.0pt
* \hoffset=0.0pt
* \voffset=0.0pt
* \mag=1000
* \@twocolumnfalse
* \@twosidefalse
* \@mparswitchfalse
* \@reversemarginfalse
* (1in=72.27pt=25.4mm, 1cm=28.453pt)

Package hyperref Info: Link coloring OFF on input line 42.
(1.out) (1.out)
\@outlinefile=\write4
\openout4 = `1.out'.

Package caption Info: Begin \AtBeginDocument code.
Package caption Info: End \AtBeginDocument code.
LaTeX Font Info:    Trying to load font information for U+msa on input line 45.


(C:\Users\User.COMPUTER3\AppData\Local\Programs\MiK\tex/latex/amsfonts\umsa.fd
File: umsa.fd 2013/01/14 v3.01 AMS symbols A
)
LaTeX Font Info:    Trying to load font information for U+msb on input line 45.

(C:\Users\User.COMPUTER3\AppData\Local\Programs\MiK\tex/latex/amsfonts\umsb.fd
File: umsb.fd 2013/01/14 v3.01 AMS symbols B
)

[1

{C:/Users/User.COMPUTER3/AppData/Local/MiKTeX/fonts/map/pdftex/pdftex.map}]
(1.toc

[2])
\tf@toc=\write5
\openout5 = `1.toc'.



[3]

[4]

Package hyperref Warning: Token not allowed in a PDF string (Unicode):
(hyperref)                removing `math shift' on input line 121.



[5]

[6]
Overfull \hbox (19.4223pt too wide) in paragraph at lines 300--301
[][]\OT1/cmr/bx/n/10.95 Definition 4.3. []\OT1/cmr/m/it/10.95 We de-fine a \OT1
/cmr/m/n/10.95 to-k-enized vec-tor $\OML/cmm/m/it/10.95 ^^T\OT1/cmr/m/n/10.95 (
\OML/cmm/m/it/10.95 t; B[]\OT1/cmr/m/n/10.95 ) = (\OML/cmm/m/it/10.95 ^^T[]\OT1
/cmr/m/n/10.95 (\OML/cmm/m/it/10.95 t; B[]\OT1/cmr/m/n/10.95 )\OML/cmm/m/it/10.
95 ; ^^T[]\OT1/cmr/m/n/10.95 (\OML/cmm/m/it/10.95 t; B[]\OT1/cmr/m/n/10.95 )\OM
L/cmm/m/it/10.95 ; [] ; ^^T[]\OT1/cmr/m/n/10.95 (\OML/cmm/m/it/10.95 t; B[]\OT1
/cmr/m/n/10.95 )) \OMS/cmsy/m/n/10.95 2
 []



[7]

[8]

[9]

[10]

[11]
Package hyperref Info: bookmark level for unknown algorithm defaults to 0 on in
put line 657.

Overfull \hbox (90.2567pt too wide) detected at line 710
\OML/cmm/m/it/10.95 D\OT1/cmr/m/n/10.95 [\OML/cmm/m/it/10.95 i; j\OT1/cmr/m/n/1
0.95 ](\OML/cmm/m/it/10.95 t\OT1/cmr/m/n/10.95 ) = []
 []



[12]

[13]

[14]

[15]

[16]

[17]

[18]

[19]

[20]

[21]

[22]
Overfull \hbox (64.34651pt too wide) in paragraph at lines 1329--1370
 [][] 
 []



[23]

[24]

[25]

[26]

[27]

[28]

[29]

[30]

[31]

[32]

[33]

[34] (1.aux)
 ***********
LaTeX2e <2025-11-01>
L3 programming layer <2026-04-28>
 ***********


LaTeX Warning: There were multiply-defined labels.

Package rerunfilecheck Info: File `1.out' has not changed.
(rerunfilecheck)             Checksum: 2D471D06054F060D6D65DA38C37340C8;6557.
 ) 
Here is how much of TeX's memory you used:
 36513 strings out of 467686
 856561 string characters out of 5411881
 1365001 words of memory out of 5000000
 64830 multiletter control sequences out of 15000+600000
 645134 words of font info for 104 fonts, out of 8000000 for 9000
 1141 hyphenation exceptions out of 8191
 99i,15n,118p,1568b,609s stack positions out of 10000i,1000n,20000p,200000b,200000s
 <C:\Users\User.COMPUTER3\AppData\Local\MiKTeX\fonts/pk/ljfour/jknappen/ec/dp
i600\tcrm1095.pk><C:/Users/User.COMPUTER3/AppData/Local/Programs/MiK/fonts/type
1/public/amsfonts/cm/cmbx10.pfb><C:/Users/User.COMPUTER3/AppData/Local/Programs
/MiK/fonts/type1/public/amsfonts/cm/cmbx12.pfb><C:/Users/User.COMPUTER3/AppData
/Local/Programs/MiK/fonts/type1/public/amsfonts/cm/cmbx9.pfb><C:/Users/User.COM
PUTER3/AppData/Local/Programs/MiK/fonts/type1/public/amsfonts/cm/cmbxti10.pfb><
C:/Users/User.COMPUTER3/AppData/Local/Programs/MiK/fonts/type1/public/amsfonts/
cm/cmcsc10.pfb><C:/Users/User.COMPUTER3/AppData/Local/Programs/MiK/fonts/type1/
public/amsfonts/cm/cmex10.pfb><C:/Users/User.COMPUTER3/AppData/Local/Programs/M
iK/fonts/type1/public/amsfonts/cm/cmmi10.pfb><C:/Users/User.COMPUTER3/AppData/L
ocal/Programs/MiK/fonts/type1/public/amsfonts/cm/cmmi12.pfb><C:/Users/User.COMP
UTER3/AppData/Local/Programs/MiK/fonts/type1/public/amsfonts/cm/cmmi6.pfb><C:/U
sers/User.COMPUTER3/AppData/Local/Programs/MiK/fonts/type1/public/amsfonts/cm/c
mmi8.pfb><C:/Users/User.COMPUTER3/AppData/Local/Programs/MiK/fonts/type1/public
/amsfonts/cm/cmr10.pfb><C:/Users/User.COMPUTER3/AppData/Local/Programs/MiK/font
s/type1/public/amsfonts/cm/cmr12.pfb><C:/Users/User.COMPUTER3/AppData/Local/Pro
grams/MiK/fonts/type1/public/amsfonts/cm/cmr17.pfb><C:/Users/User.COMPUTER3/App
Data/Local/Programs/MiK/fonts/type1/public/amsfonts/cm/cmr6.pfb><C:/Users/User.
COMPUTER3/AppData/Local/Programs/MiK/fonts/type1/public/amsfonts/cm/cmr8.pfb><C
:/Users/User.COMPUTER3/AppData/Local/Programs/MiK/fonts/type1/public/amsfonts/c
m/cmr9.pfb><C:/Users/User.COMPUTER3/AppData/Local/Programs/MiK/fonts/type1/publ
ic/amsfonts/cm/cmsy10.pfb><C:/Users/User.COMPUTER3/AppData/Local/Programs/MiK/f
onts/type1/public/amsfonts/cm/cmsy6.pfb><C:/Users/User.COMPUTER3/AppData/Local/
Programs/MiK/fonts/type1/public/amsfonts/cm/cmsy8.pfb><C:/Users/User.COMPUTER3/
AppData/Local/Programs/MiK/fonts/type1/public/amsfonts/cm/cmti10.pfb><C:/Users/
User.COMPUTER3/AppData/Local/Programs/MiK/fonts/type1/public/amsfonts/cm/cmti8.
pfb><C:/Users/User.COMPUTER3/AppData/Local/Programs/MiK/fonts/type1/public/amsf
onts/cm/cmti9.pfb><C:/Users/User.COMPUTER3/AppData/Local/Programs/MiK/fonts/typ
e1/public/amsfonts/symbols/msbm10.pfb>
Output written on 1.pdf (34 pages, 469984 bytes).
PDF statistics:
 623 PDF objects out of 1000 (max. 8388607)
 177 named destinations out of 1000 (max. 500000)
 309 words of extra memory for PDF output out of 10000 (max. 10000000)

