\BOOKMARK [1][-]{section.1}{\376\377\000I\000n\000t\000r\000o\000d\000u\000c\000t\000i\000o\000n}{}% 1
\BOOKMARK [1][-]{section.2}{\376\377\000M\000o\000t\000i\000v\000a\000t\000i\000o\000n}{}% 2
\BOOKMARK [1][-]{section.3}{\376\377\000R\000e\000l\000a\000t\000e\000d\000\040\000W\000o\000r\000k}{}% 3
\BOOKMARK [1][-]{section.4}{\376\377\000T\000h\000e\000\040\000a\000b\000c\000\040\000M\000o\000d\000e\000l}{}% 4
\BOOKMARK [2][-]{subsection.4.1}{\376\377\000G\000a\000m\000e\000\040\000F\000o\000r\000m\000a\000l\000i\000s\000m}{section.4}% 5
\BOOKMARK [2][-]{subsection.4.2}{\376\377\000T\000h\000e\000\040\000a\000b\000c\000\040\000M\000o\000d\000e\000l\000:\000\040\000F\000o\000r\000m\000a\000l\000\040\000D\000e\000f\000i\000n\000i\000t\000i\000o\000n}{section.4}% 6
\BOOKMARK [3][-]{subsubsection.4.2.1}{\376\377\000H\000i\000l\000b\000e\000r\000t\000\040\000V\000e\000c\000t\000o\000r\000\040\000S\000p\000a\000c\000e}{subsection.4.2}% 7
\BOOKMARK [2][-]{subsection.4.3}{\376\377\000C\000o\000n\000n\000e\000c\000t\000i\000n\000g\000\040\000G\000D\000L\000-\0001\000\040\000t\000o\000\040\000a\000b\000c\000\040\000m\000o\000d\000e\000l}{section.4}% 8
\BOOKMARK [2][-]{subsection.4.4}{\376\377\000S\000t\000a\000t\000e\000\040\000E\000m\000b\000e\000d\000d\000i\000n\000g\000\040\000C\000o\000n\000s\000t\000r\000u\000c\000t\000i\000o\000n}{section.4}% 9
\BOOKMARK [1][-]{section.5}{\376\377\000A\000l\000g\000e\000b\000r\000a\000i\000c\000\040\000S\000t\000r\000u\000c\000t\000u\000r\000e\000\040\000A\000n\000a\000l\000y\000s\000i\000s}{}% 10
\BOOKMARK [2][-]{subsection.5.1}{\376\377\000T\000h\000e\000\040\000W\000e\000i\000g\000h\000t\000e\000d\000\040\000A\000d\000j\000a\000c\000e\000n\000c\000y\000\040\000M\000a\000t\000r\000i\000x}{section.5}% 11
\BOOKMARK [2][-]{subsection.5.2}{\376\377\000G\000r\000o\000u\000p\000\040\000o\000f\000\040\000A\000f\000f\000i\000n\000e\000\040\000T\000r\000a\000n\000s\000l\000a\000t\000i\000o\000n\000s}{section.5}% 12
\BOOKMARK [1][-]{section.6}{\376\377\000Z\000o\000n\000e\000\040\000G\000u\000i\000d\000a\000n\000c\000e}{}% 13
\BOOKMARK [2][-]{subsection.6.1}{\376\377\000M\000a\000t\000h\000e\000m\000a\000t\000i\000c\000a\000l\000\040\000I\000n\000t\000e\000g\000r\000a\000t\000i\000o\000n}{section.6}% 14
\BOOKMARK [1][-]{section.7}{\376\377\000M\000o\000n\000t\000e\000\040\000C\000a\000r\000l\000o\000\040\000V\000e\000c\000t\000o\000r\000\040\000S\000e\000a\000r\000c\000h\000\040\000\050\000M\000C\000V\000S\000\051}{}% 15
\BOOKMARK [2][-]{subsection.7.1}{\376\377\000S\000t\000a\000g\000e\000\040\0001\000:\000\040\000B\000o\000a\000r\000d\000\040\000E\000m\000b\000e\000d\000d\000i\000n\000g\000\040\000a\000n\000d\000\040\000S\000t\000a\000t\000e\000\040\000R\000e\000p\000r\000e\000s\000e\000n\000t\000a\000t\000i\000o\000n}{section.7}% 16
\BOOKMARK [2][-]{subsection.7.2}{\376\377\000D\000a\000t\000a\000b\000a\000s\000e\000\040\000A\000r\000c\000h\000i\000t\000e\000c\000t\000u\000r\000e}{section.7}% 17
\BOOKMARK [2][-]{subsection.7.3}{\376\377\000S\000t\000a\000g\000e\000\040\0002\000:\000\040\000A\000l\000g\000o\000r\000i\000t\000h\000m\000\040\000F\000l\000o\000w}{section.7}% 18
\BOOKMARK [3][-]{subsubsection.7.3.1}{\376\377\000M\000a\000i\000n\000\040\000L\000o\000o\000p}{subsection.7.3}% 19
\BOOKMARK [2][-]{subsection.7.4}{\376\377\000M\000C\000V\000S\000\040\000M\000o\000v\000e\000\040\000S\000e\000l\000e\000c\000t\000i\000o\000n}{section.7}% 20
\BOOKMARK [2][-]{subsection.7.5}{\376\377\000U\000p\000d\000a\000t\000e\000\040\000S\000t\000a\000t\000i\000s\000t\000i\000c\000s\000\040\000\050\000B\000a\000c\000k\000p\000r\000o\000p\000a\000g\000a\000t\000i\000o\000n\000\051}{section.7}% 21
\BOOKMARK [2][-]{subsection.7.6}{\376\377\000D\000a\000t\000a\000b\000a\000s\000e\000\040\000A\000r\000c\000h\000i\000t\000e\000c\000t\000u\000r\000e\000\040\000a\000n\000d\000\040\000M\000a\000n\000a\000g\000e\000m\000e\000n\000t}{section.7}% 22
\BOOKMARK [3][-]{subsubsection.7.6.1}{\376\377\000A\000t\000o\000m\000i\000c\000\040\000R\000u\000n\000n\000e\000r\000s}{subsection.7.6}% 23
\BOOKMARK [3][-]{subsubsection.7.6.2}{\376\377\000S\000p\000i\000d\000e\000r\000\040\000A\000g\000e\000n\000t\000s}{subsection.7.6}% 24
\BOOKMARK [2][-]{subsection.7.7}{\376\377\000I\000m\000p\000l\000e\000m\000e\000n\000t\000a\000t\000i\000o\000n\000\040\000N\000o\000t\000e\000s}{section.7}% 25
\BOOKMARK [1][-]{section.8}{\376\377\000E\000x\000p\000e\000r\000i\000m\000e\000n\000t}{}% 26
\BOOKMARK [2][-]{subsection.8.1}{\376\377\000E\000x\000p\000e\000r\000i\000m\000e\000n\000t\000a\000l\000\040\000S\000e\000t\000u\000p}{section.8}% 27
\BOOKMARK [1][-]{section.9}{\376\377\000D\000i\000s\000c\000u\000s\000s\000i\000o\000n}{}% 28
\BOOKMARK [2][-]{subsection.9.1}{\376\377\000W\000h\000e\000r\000e\000\040\000M\000C\000V\000S\000\040\000E\000x\000c\000e\000l\000s}{section.9}% 29
\BOOKMARK [2][-]{subsection.9.2}{\376\377\000W\000h\000e\000r\000e\000\040\000t\000h\000e\000\040\000A\000d\000v\000a\000n\000t\000a\000g\000e\000\040\000D\000i\000m\000i\000n\000i\000s\000h\000e\000s}{section.9}% 30
\BOOKMARK [2][-]{subsection.9.3}{\376\377\000R\000o\000l\000e\000\040\000o\000f\000\040\000t\000h\000e\000\040\000P\000e\000r\000s\000i\000s\000t\000e\000n\000t\000\040\000D\000a\000t\000a\000b\000a\000s\000e\000\040\000a\000n\000d\000\040\000B\000a\000c\000k\000g\000r\000o\000u\000n\000d\000\040\000A\000g\000e\000n\000t\000s}{section.9}% 31
\BOOKMARK [2][-]{subsection.9.4}{\376\377\000L\000i\000m\000i\000t\000a\000t\000i\000o\000n\000s}{section.9}% 32
\BOOKMARK [2][-]{subsection.9.5}{\376\377\000I\000m\000p\000l\000i\000c\000a\000t\000i\000o\000n\000s}{section.9}% 33
\BOOKMARK [1][-]{section.10}{\376\377\000C\000o\000n\000c\000l\000u\000s\000i\000o\000n\000\040\000a\000n\000d\000\040\000F\000u\000t\000u\000r\000e\000\040\000W\000o\000r\000k}{}% 34
\BOOKMARK [1][-]{section.A}{\376\377\000A\000l\000g\000e\000b\000r\000a\000i\000c\000\040\000D\000e\000v\000e\000l\000o\000p\000m\000e\000n\000t\000\040\000o\000f\000\040\000T\000h\000e\000\040\000a\000b\000c\000\040\000M\000o\000d\000e\000l}{}% 35
\BOOKMARK [2][-]{subsection.A.1}{\376\377\000S\000t\000a\000t\000i\000c\000\040\000P\000l\000a\000c\000e\000m\000e\000n\000t}{section.A}% 36
\BOOKMARK [2][-]{subsection.A.2}{\376\377\000C\000a\000s\000e\000\040\0002\000:\000\040\000P\000i\000e\000c\000e\000\040\000M\000o\000v\000e\000m\000e\000n\000t\000\040\000a\000n\000d\000\040\000M\000u\000l\000t\000i\000\040\000M\000o\000v\000e\000m\000e\000n\000t\000\040\000i\000n\000\040\000a\000\040\000T\000u\000r\000n}{section.A}% 37
